> Create symbol table (scope level 0)
package: main
func: main
> Create symbol table (scope level 1)
func_signature: ()V
> Insert `main` (addr: -1) to scope level 0
INT_LIT 400
> Insert `v1` (addr: 0) to scope level 1
INT_LIT 700
> Insert `v2` (addr: 1) to scope level 1
IDENT (name=v1, address=0)
INT_LIT 400
EQL
> Create symbol table (scope level 2)
IDENT (name=v2, address=1)
INT_LIT 600
LEQ
> Create symbol table (scope level 3)
STRING_LIT OuO\n
PRINT string

> Dump symbol table (scope level: 3)
Index     Name      Type      Addr      Lineno    Ele_type  Func_sig  

IDENT (name=v2, address=1)
INT_LIT 700
EQL
> Create symbol table (scope level 3)
STRING_LIT Value of v1 is 400 and v2 is 700\n
PRINT string

> Dump symbol table (scope level: 3)
Index     Name      Type      Addr      Lineno    Ele_type  Func_sig  

> Create symbol table (scope level 3)
STRING_LIT QuQ\n
PRINT string

> Dump symbol table (scope level: 3)
Index     Name      Type      Addr      Lineno    Ele_type  Func_sig  


> Dump symbol table (scope level: 2)
Index     Name      Type      Addr      Lineno    Ele_type  Func_sig  

> Insert `j` (addr: 2) to scope level 1
INT_LIT 999
> Insert `i` (addr: 3) to scope level 1
IDENT (name=i, address=3)
INT_LIT 1
ASSIGN
IDENT (name=i, address=3)
INT_LIT 9
LEQ
IDENT (name=i, address=3)
INC
> Create symbol table (scope level 2)
IDENT (name=j, address=2)
INT_LIT 1
ASSIGN
IDENT (name=j, address=2)
INT_LIT 9
LEQ
IDENT (name=j, address=2)
INC
> Create symbol table (scope level 3)
IDENT (name=i, address=3)
PRINT int32
STRING_LIT *
PRINT string
IDENT (name=j, address=2)
PRINT int32
STRING_LIT =
PRINT string
IDENT (name=i, address=3)
IDENT (name=j, address=2)
MUL
PRINT int32
STRING_LIT \t
PRINT string

> Dump symbol table (scope level: 3)
Index     Name      Type      Addr      Lineno    Ele_type  Func_sig  

STRING_LIT \n
PRINT string

> Dump symbol table (scope level: 2)
Index     Name      Type      Addr      Lineno    Ele_type  Func_sig  


> Dump symbol table (scope level: 1)
Index     Name      Type      Addr      Lineno    Ele_type  Func_sig  
0         v1        int32     0         4         -         -         
1         v2        int32     1         5         -         -         
2         j         int32     2         24        -         -         
3         i         int32     3         25        -         -         


> Dump symbol table (scope level: 0)
Index     Name      Type      Addr      Lineno    Ele_type  Func_sig  
0         main      func      -1        3         -         ()V       

Total lines: 37
