> Create symbol table (scope level 0)
package: main
func: main
> Create symbol table (scope level 1)
func_signature: ()V
> Insert `main` (addr: -1) to scope level 0
INT_LIT 3
> Insert `x` (addr: 0) to scope level 1
IDENT (name=x, address=0)
INT_LIT 0
INT_LIT 1
ASSIGN
IDENT (name=x, address=0)
INT_LIT 1
INT_LIT 2
ASSIGN
IDENT (name=x, address=0)
INT_LIT 2
INT_LIT 3
ASSIGN
IDENT (name=x, address=0)
INT_LIT 0
INC
IDENT (name=x, address=0)
INT_LIT 1
DEC
IDENT (name=x, address=0)
INT_LIT 2
INT_LIT 4
ADD
IDENT (name=x, address=0)
INT_LIT 0
PRINTLN int32
IDENT (name=x, address=0)
INT_LIT 1
PRINTLN int32
IDENT (name=x, address=0)
INT_LIT 2
PRINTLN int32
IDENT (name=x, address=0)
INT_LIT 2
INT_LIT 4
SUB
IDENT (name=x, address=0)
INT_LIT 2
PRINTLN int32
IDENT (name=x, address=0)
INT_LIT 2
INT_LIT 4
MUL
IDENT (name=x, address=0)
INT_LIT 2
PRINTLN int32
IDENT (name=x, address=0)
INT_LIT 2
INT_LIT 4
QUO
IDENT (name=x, address=0)
INT_LIT 2
PRINTLN int32

> Dump symbol table (scope level: 1)
Index     Name      Type      Addr      Lineno    Ele_type  Func_sig  
0         x         array     0         4         int32     -         


> Dump symbol table (scope level: 0)
Index     Name      Type      Addr      Lineno    Ele_type  Func_sig  
0         main      func      -1        3         -         ()V       

Total lines: 20
