> Create symbol table (scope level 0)
package: main
func: main
> Create symbol table (scope level 1)
func_signature: ()V
> Insert `main` (addr: -1) to scope level 0
INT_LIT 5
> Insert `x` (addr: 0) to scope level 1
FLOAT_LIT 3.140000
> Insert `y` (addr: 1) to scope level 1
STRING_LIT Hello world
> Insert `z` (addr: 2) to scope level 1
IDENT (name=x, address=0)
PRINTLN int32
IDENT (name=y, address=1)
PRINTLN float32
IDENT (name=z, address=2)
PRINTLN string

> Dump symbol table (scope level: 1)
Index     Name      Type      Addr      Lineno    Ele_type  Func_sig  
0         x         int32     0         5         -         -         
1         y         float32   1         6         -         -         
2         z         string    2         7         -         -         


> Dump symbol table (scope level: 0)
Index     Name      Type      Addr      Lineno    Ele_type  Func_sig  
0         main      func      -1        3         -         ()V       

Total lines: 11
